// Jest Snapshot v1, https://goo.gl/fbAQLP

exports[`Active Problems Table should match snapshot 1`] = `
<div>
  <table
    class="usa-table usa-table--borderless width-full table-caption-margin margin-y-0 border-top border-left border-right"
    data-testid="table"
  >
    <caption>
      Problems List
    </caption>
    <thead>
      <tr>
        <th
          class="bg-gray-5 minw-15"
          scope="col"
        >
          Active Problem
        </th>
        <th
          class="bg-gray-5 minw-15"
          scope="col"
        >
          Onset Date
        </th>
        <th
          class="bg-gray-5 minw-15"
          scope="col"
        >
          Onset Age
        </th>
      </tr>
    </thead>
    <tbody>
      <tr>
        <td
          class="text-top"
        >
          Malignant neoplasm of lower-inner quadrant of left breast in female, estrogen receptor positive
        </td>
        <td
          class="text-top"
        >
          12/14/2022
        </td>
        <td
          class="text-top"
        >
          7
        </td>
      </tr>
      <tr>
        <td
          class="text-top"
        >
          Headache
        </td>
        <td
          class="text-top"
        >
          08/19/2021
        </td>
        <td
          class="text-top"
        >
          6
        </td>
      </tr>
      <tr>
        <td
          class="text-top"
        >
          Backache
        </td>
        <td
          class="text-top"
        >
          08/19/2018
        </td>
        <td
          class="text-top"
        >
          3
        </td>
      </tr>
    </tbody>
  </table>
</div>
`;
