// Jest Snapshot v1, https://goo.gl/fbAQLP

exports[`Clinical Info should match snapshot 1`] = `
<div>
  <div>
    <div
      class="padding-bottom-3"
    >
      <div
        class="usa-summary-box__body"
      >
        <h3
          class="usa-summary-box__heading padding-y-105"
          id="summary-box-key-information"
        >
          Clinical Notes
        </h3>
        <div
          class="usa-summary-box__text"
        >
          <div>
            <div
              class="grid-row"
            >
              <div
                class="data-title"
              >
                <h4>
                  Clinical Notes
                </h4>
              </div>
              <div
                class="grid-col-auto maxw7 text-pre-line"
              >
                &lt;paragraph&gt;This patient was only recently discharged for a recurrent GI bleed as described&lt;/paragraph&gt;
              </div>
            </div>
            <div
              class="section__line_gray"
            />
          </div>
        </div>
      </div>
    </div>
  </div>
</div>
`;
