// Jest Snapshot v1, https://goo.gl/fbAQLP

exports[`Encounter should match snapshot 1`] = `
<div>
  <div>
    <div
      class="padding-bottom-3"
    >
      <div
        class="usa-summary-box__body"
      >
        <h4
          class="usa-summary-box__heading padding-y-105"
        >
          Diagnostic and Vital Signs
        </h4>
        <div
          class="usa-summary-box__text"
        >
          <div
            class="lh-18"
          >
            <div>
              <div
                class="grid-row"
              >
                <div
                  class="data-title"
                >
                  Vitals
                </div>
                <div
                  class="grid-col-auto maxw7 text-pre-line"
                >
                  Height: 65 inches

Weight: 150 Lbs

Body Mass Index (BMI): 25
                </div>
              </div>
              <div
                class="section__line_gray"
              />
            </div>
            <div>
              <div
                class="grid-row"
              >
                <div
                  class="data-title"
                >
                  Facility Name
                </div>
                <div
                  class="grid-col-auto maxw7 text-pre-line"
                >
                  PRM- Palmdale Regional Medical Center
                </div>
              </div>
              <div
                class="section__line_gray"
              />
            </div>
            <div>
              <div
                class="grid-row"
              >
                <div
                  class="data-title"
                >
                  Facility Type
                </div>
                <div
                  class="grid-col-auto maxw7 text-pre-line"
                >
                  Healthcare Provider
                </div>
              </div>
              <div
                class="section__line_gray"
              />
            </div>
          </div>
        </div>
      </div>
    </div>
  </div>
</div>
`;
