// Jest Snapshot v1, https://goo.gl/fbAQLP

exports[`Demographics should match snapshot 1`] = `
<div>
  <div>
    <div
      class="padding-bottom-3"
    >
      <div
        class="usa-summary-box__body"
      >
        <h3
          class="usa-summary-box__heading padding-y-105"
          id="summary-box-key-information"
        >
          Demographics
        </h3>
        <div
          class="usa-summary-box__text"
        >
          <div>
            <div
              class="grid-row"
            >
              <div
                class="data-title"
              >
                <h4>
                  Patient Name
                </h4>
              </div>
              <div
                class="grid-col-auto maxw7 text-pre-line"
              >
                Test patient
              </div>
            </div>
            <div
              class="section__line_gray"
            />
          </div>
          <div>
            <div
              class="grid-row"
            >
              <div
                class="data-title"
              >
                <h4>
                  DOB
                </h4>
              </div>
              <div
                class="grid-col-auto maxw7 text-pre-line"
              >
                06/01/1996
              </div>
            </div>
            <div
              class="section__line_gray"
            />
          </div>
          <div>
            <div
              class="grid-row"
            >
              <div
                class="data-title"
              >
                <h4>
                  Sex
                </h4>
              </div>
              <div
                class="grid-col-auto maxw7 text-pre-line"
              >
                female
              </div>
            </div>
            <div
              class="section__line_gray"
            />
          </div>
          <div>
            <div
              class="grid-row"
            >
              <div
                class="data-title"
              >
                <h4>
                  Race
                </h4>
              </div>
              <div
                class="grid-col-auto maxw7 text-pre-line"
              >
                Asian/Pacific Islander
              </div>
            </div>
            <div
              class="section__line_gray"
            />
          </div>
          <div>
            <div
              class="grid-row"
            >
              <div
                class="data-title"
              >
                <h4>
                  Ethnicity
                </h4>
              </div>
              <div
                class="grid-col-auto maxw7 text-pre-line"
              >
                Not Hispanic or Latino
              </div>
            </div>
            <div
              class="section__line_gray"
            />
          </div>
          <div>
            <div
              class="grid-row"
            >
              <div
                class="data-title"
              >
                <h4>
                  Tribal
                </h4>
              </div>
              <div
                class="grid-col-auto maxw7 text-pre-line"
              >
                test
              </div>
            </div>
            <div
              class="section__line_gray"
            />
          </div>
          <div>
            <div
              class="grid-row"
            >
              <div
                class="data-title"
              >
                <h4>
                  Preferred Language
                </h4>
              </div>
              <div
                class="grid-col-auto maxw7 text-pre-line"
              >
                test
              </div>
            </div>
            <div
              class="section__line_gray"
            />
          </div>
          <div>
            <div
              class="grid-row"
            >
              <div
                class="data-title"
              >
                <h4>
                  Patient Address
                </h4>
              </div>
              <div
                class="grid-col-auto maxw7 text-pre-line"
              >
                test address
              </div>
            </div>
            <div
              class="section__line_gray"
            />
          </div>
          <div>
            <div
              class="grid-row"
            >
              <div
                class="data-title"
              >
                <h4>
                  County
                </h4>
              </div>
              <div
                class="grid-col-auto maxw7 text-pre-line"
              >
                test
              </div>
            </div>
            <div
              class="section__line_gray"
            />
          </div>
          <div>
            <div
              class="grid-row"
            >
              <div
                class="data-title"
              >
                <h4>
                  Contact
                </h4>
              </div>
              <div
                class="grid-col-auto maxw7 text-pre-line"
              >
                test contact
              </div>
            </div>
            <div
              class="section__line_gray"
            />
          </div>
          <div>
            <div
              class="grid-row"
            >
              <div
                class="data-title"
              >
                <h4>
                  Emergency Contact
                </h4>
              </div>
              <div
                class="grid-col-auto maxw7 text-pre-line"
              >
                N/A
              </div>
            </div>
            <div
              class="section__line_gray"
            />
          </div>
          <div>
            <div
              class="grid-row"
            >
              <div
                class="data-title"
              >
                <h4>
                  Patient IDs
                </h4>
              </div>
              <div
                class="grid-col-auto maxw7 text-pre-line"
              >
                123-4567-890
              </div>
            </div>
            <div
              class="section__line_gray"
            />
          </div>
        </div>
      </div>
    </div>
  </div>
</div>
`;
