// Jest Snapshot v1, https://goo.gl/fbAQLP

exports[`ECR Metadata should match snapshot 1`] = `
<div>
  <div>
    <div
      class="padding-bottom-3"
    >
      <div
        class="usa-summary-box__body"
      >
        <h3
          class="usa-summary-box__heading padding-y-105"
          id="summary-box-key-information"
        >
          RR Details
        </h3>
        <div
          class="usa-summary-box__text"
        >
          <div
            class="grid-row"
          >
            <div
              class="data-title"
            >
              <h4>
                Reportable Condition(s)
              </h4>
            </div>
            <div
              class="grid-col-fill text-pre-line"
            >
              Disease caused by severe acute respiratory syndrome coronavirus 2 (disorder)
            </div>
          </div>
          <div
            class="section__line_gray"
          />
          <div
            class="grid-row"
          >
            <div
              class="data-title"
            >
              <h4>
                RCKMS Trigger Summary
              </h4>
            </div>
            <div
              class="grid-col-fill text-pre-line"
            >
              COVID-19 (as a diagnosis or active problem)
            </div>
          </div>
          <div
            class="section__line_gray"
          />
          <div
            class="grid-row"
          >
            <div
              class="data-title"
            >
              <h4>
                Jurisdiction(s) Sent eCR
              </h4>
            </div>
            <div
              class="grid-col-fill text-pre-line"
            >
              California Department of Public Health
            </div>
          </div>
          <div
            class="section__line_gray"
          />
          <div
            class="padding-bottom-1"
          />
          <h3
            class="usa-summary-box__heading padding-y-105"
            id="summary-box-key-information"
          >
            eICR Details
          </h3>
          <div
            class="grid-row"
          >
            <div
              class="data-title"
            >
              <h4>
                eICR Identifier
              </h4>
            </div>
            <div
              class="grid-col-auto text-pre-line"
            >
              8675309a-7754-r2d2-c3p0-973d9f777777
            </div>
          </div>
          <div
            class="section__line_gray"
          />
          <div
            class="padding-bottom-1"
          />
          <h3
            class="usa-summary-box__heading padding-y-105"
            id="summary-box-key-information"
          >
            eCR Sender Details
          </h3>
          <div
            class="grid-row"
          >
            <div
              class="data-title"
            >
              <h4>
                Date/Time eCR Created
              </h4>
            </div>
            <div
              class="grid-col-auto text-pre-line"
            >
              2023-04-09T13:04:17-07:00
            </div>
          </div>
          <div
            class="section__line_gray"
          />
          <div
            class="grid-row"
          >
            <div
              class="data-title"
            >
              <h4>
                Sender Software
              </h4>
            </div>
            <div
              class="grid-col-auto text-pre-line"
            >
              Epic - Version 10.1
            </div>
          </div>
          <div
            class="section__line_gray"
          />
          <div
            class="grid-row"
          >
            <div
              class="data-title"
            >
              <h4>
                Sender Facility Name
              </h4>
            </div>
            <div
              class="grid-col-auto text-pre-line"
            >
              PROVIDENCE SAINT JOHN'S HEALTH CTR CLINICAL LABORATORY
            </div>
          </div>
          <div
            class="section__line_gray"
          />
          <div
            class="grid-row"
          >
            <div
              class="data-title"
            >
              <h4>
                Facility Address
              </h4>
            </div>
            <div
              class="grid-col-auto text-pre-line"
            >
              2121 Santa Monica Blvd
Santa Monica, CA
90404-2303, USA
            </div>
          </div>
          <div
            class="section__line_gray"
          />
          <div
            class="grid-row"
          >
            <div
              class="data-title"
            >
              <h4>
                Facility Contact
              </h4>
            </div>
            <div
              class="grid-col-auto text-pre-line"
            />
          </div>
          <div
            class="section__line_gray"
          />
          <div
            class="grid-row"
          >
            <div
              class="data-title"
            >
              <h4>
                Facility ID
              </h4>
            </div>
            <div
              class="grid-col-auto text-pre-line"
            >
              1.2.840.114350.1.13.297.3.7.2.686980
            </div>
          </div>
          <div
            class="section__line_gray"
          />
        </div>
      </div>
    </div>
  </div>
</div>
`;
