// Jest Snapshot v1, https://goo.gl/fbAQLP

exports[`Snapshot test for Clinical Notes should match snapshot for non table notes 1`] = `
<div>
  <div
    class="margin-top-0"
  >
    <div
      class="padding-bottom-3"
    >
      <div
        class="usa-summary-box__body"
      >
        <h4
          class="usa-summary-box__heading padding-y-105"
          id="clinical-notes"
        >
          Clinical Notes
        </h4>
        <div
          class="usa-summary-box__text clinical_info_container"
        >
          <div>
            <div
              class="grid-row"
            >
              <div
                class="data-title"
              >
                Miscellaneous Notes
              </div>
              <div
                class="grid-col-auto maxw7 text-pre-line"
              >
                <p>
                  This patient was only recently discharged for a recurrent GI bleed as described
                </p>
              </div>
            </div>
            <div
              class="section__line_gray"
            />
          </div>
        </div>
      </div>
    </div>
  </div>
</div>
`;

exports[`Snapshot test for Clinical Notes should match snapshot for table notes 1`] = `
<div>
  <div
    class="margin-top-0"
  >
    <div
      class="padding-bottom-3"
    >
      <div
        class="usa-summary-box__body"
      >
        <h4
          class="usa-summary-box__heading padding-y-105"
          id="clinical-notes"
        >
          Clinical Notes
        </h4>
        <div
          class="usa-summary-box__text clinical_info_container"
        >
          <div>
            <div>
              <div
                class="grid-col-auto text-pre-line"
              >
                <table>
                  <caption>
                    <div
                      class="data-title"
                    >
                      <span
                        class="usa-tooltip"
                        data-testid="tooltipWrapper"
                      >
                        <div
                          aria-describedby="[object Object]"
                          class="usa-tooltip__trigger usa-tooltip"
                          data-testid="triggerElement"
                          position="top"
                          tabindex="0"
                          title=""
                        >
                          Miscellaneous Notes
                        </div>
                        <span
                          aria-hidden="true"
                          class="usa-tooltip__body"
                          data-testid="tooltipBody"
                          id="[object Object]"
                          role="tooltip"
                          title="Clinical notes from various parts of a medical record. Type of note found here depends on how the provider's EHR system onboarded to send eCR."
                        >
                          Clinical notes from various parts of a medical record. Type of note found here depends on how the provider's EHR system onboarded to send eCR.
                        </span>
                      </span>
                    </div>
                  </caption>
                  <thead>
                    <tr>
                      <th>
                        Active Problems
                      </th>
                      <th>
                        Noted Date
                      </th>
                    </tr>
                  </thead>
                  <tbody>
                    <tr>
                      <td>
                        Parkinson's syndrome
                      </td>
                      <td>
                        7/25/22
                      </td>
                    </tr>
                    <tr>
                      <td>
                        Essential hypertension
                      </td>
                      <td>
                        7/21/22
                      </td>
                    </tr>
                  </tbody>
                </table>
              </div>
              <div
                class="section__line_gray"
              />
            </div>
          </div>
        </div>
      </div>
    </div>
  </div>
</div>
`;

exports[`Snapshot test for Vital Signs/Encounter (Clinical Info section) should match snapshot 1`] = `
<div>
  <div
    class="margin-top-0"
  >
    <div
      class="padding-bottom-3"
    >
      <div
        class="usa-summary-box__body"
      >
        <h4
          class="usa-summary-box__heading padding-y-105"
          id="treatment-details"
        >
          Treatment Details
        </h4>
        <div
          class="usa-summary-box__text"
        >
          <div
            data-testid="treatment-details"
          >
            <div
              class="grid-row"
            >
              <div
                class="grid-col-auto width-full text-pre-line"
              >
                <table
                  class="usa-table usa-table--borderless width-full src-components-Table-Table-module__fixed--Eq00W table-caption-margin margin-y-0 border-top border-left border-right"
                  data-testid="table"
                >
                  <caption>
                    Procedures
                  </caption>
                  <thead>
                    <tr>
                      <th
                        class="tableHeader"
                        scope="col"
                      >
                        Name
                      </th>
                      <th
                        class="tableHeader"
                        scope="col"
                      >
                        Date Performed
                      </th>
                      <th
                        class="tableHeader"
                        scope="col"
                      >
                        Reason
                      </th>
                    </tr>
                  </thead>
                  <tbody>
                    <tr>
                      <td
                        class="text-top"
                      >
                        HC INFECTIOUS DISEASE PATHOGEN SPECIFIC RNA SARS-COV-2/INF A&B/RSV UPPER RESP SPEC DETECTED OR NOT
                      </td>
                      <td
                        class="text-top"
                      >
                        06/24/2022
                      </td>
                      <td
                        class="text-top"
                      >
                        Struck by nonvenomous lizards, sequela
                      </td>
                    </tr>
                    <tr>
                      <td
                        class="text-top"
                      >
                        HC HETEROPHILE ANTIBODIES SCREENING
                      </td>
                      <td
                        class="text-top"
                      >
                        06/16/2022
                      </td>
                      <td
                        class="text-top"
                      >
                        Routine general medical examination at a health care facility
                      </td>
                    </tr>
                  </tbody>
                </table>
              </div>
              <div
                class="section__line_gray"
              />
            </div>
          </div>
          <div
            class="section__line_gray margin-y-2"
          />
        </div>
        <h4
          class="usa-summary-box__heading padding-y-105"
          id="diagnostics-and-vital-signs"
        >
          Diagnostics and Vital Signs
        </h4>
        <div
          class="usa-summary-box__text"
        >
          <div
            class="lh-18"
            data-testid="vital-signs"
          >
            <div>
              <div
                class="grid-row"
              >
                <div
                  class="data-title"
                >
                  Vitals
                </div>
                <div
                  class="grid-col-auto maxw7 text-pre-line"
                >
                  Height: 65 inches

Weight: 150 Lbs

Body Mass Index (BMI): 25
                </div>
              </div>
              <div
                class="section__line_gray"
              />
            </div>
            <div>
              <div
                class="grid-row"
              >
                <div
                  class="data-title"
                >
                  Facility Name
                </div>
                <div
                  class="grid-col-auto maxw7 text-pre-line"
                >
                  PRM- Palmdale Regional Medical Center
                </div>
              </div>
              <div
                class="section__line_gray"
              />
            </div>
            <div>
              <div
                class="grid-row"
              >
                <div
                  class="data-title"
                >
                  Facility Type
                </div>
                <div
                  class="grid-col-auto maxw7 text-pre-line"
                >
                  Healthcare Provider
                </div>
              </div>
              <div
                class="section__line_gray"
              />
            </div>
          </div>
        </div>
      </div>
    </div>
  </div>
</div>
`;
