// Jest Snapshot v1, https://goo.gl/fbAQLP

exports[`ECR Metadata should match snapshot 1`] = `
<div>
  <div
    class="margin-top-0"
  >
    <div
      class="padding-bottom-3"
    >
      <div
        class="usa-summary-box__body"
      >
        <h4
          class="usa-summary-box__heading padding-y-105"
          id="rr-details"
        >
          RR Details
        </h4>
        <div
          class="usa-summary-box__text"
        >
          <table
            class="usa-table rrTable"
            data-testid="table"
          >
            <caption>
              Reportibility Summary
            </caption>
            <thead>
              <tr>
                <th
                  class="reportability_summary_header"
                >
                  <span
                    class="usa-tooltip"
                    data-testid="tooltipWrapper"
                  >
                    <div
                      aria-describedby="[object Object]"
                      class="usa-tooltip__trigger usa-tooltip"
                      data-testid="triggerElement"
                      position="top"
                      tabindex="0"
                      title=""
                    >
                      Reportable Condition
                    </div>
                    <span
                      aria-hidden="true"
                      class="usa-tooltip__body"
                      data-testid="tooltipBody"
                      id="[object Object]"
                      role="tooltip"
                      title="List of conditions that caused this eCR to be sent to your jurisdiction based on the rules set up for routing eCRs by your jurisdiction in RCKMS (Reportable Condition Knowledge Management System). Can include multiple Reportable Conditions for one eCR."
                    >
                      List of conditions that caused this eCR to be sent to your jurisdiction based on the rules set up for routing eCRs by your jurisdiction in RCKMS (Reportable Condition Knowledge Management System). Can include multiple Reportable Conditions for one eCR.
                    </span>
                  </span>
                </th>
                <th>
                  <span
                    class="usa-tooltip"
                    data-testid="tooltipWrapper"
                  >
                    <div
                      aria-describedby="[object Object]"
                      class="usa-tooltip__trigger usa-tooltip"
                      data-testid="triggerElement"
                      position="top"
                      tabindex="0"
                      title=""
                    >
                      RCKMS Rule Summary
                    </div>
                    <span
                      aria-hidden="true"
                      class="usa-tooltip__body"
                      data-testid="tooltipBody"
                      id="[object Object]"
                      role="tooltip"
                      title="Reason(s) that this eCR was sent for this condition. Corresponds to your jurisdiction's rules for routing eCRs in RCKMS (Reportable Condition Knowledge Management System)."
                    >
                      Reason(s) that this eCR was sent for this condition. Corresponds to your jurisdiction's rules for routing eCRs in RCKMS (Reportable Condition Knowledge Management System).
                    </span>
                  </span>
                </th>
                <th
                  class="reportability_summary_header"
                >
                  <span
                    class="usa-tooltip"
                    data-testid="tooltipWrapper"
                  >
                    <div
                      aria-describedby="[object Object]"
                      class="usa-tooltip__trigger usa-tooltip"
                      data-testid="triggerElement"
                      position="top"
                      tabindex="0"
                      title=""
                    >
                      Jurisdiction Sent eCR
                    </div>
                    <span
                      aria-hidden="true"
                      class="usa-tooltip__body"
                      data-testid="tooltipBody"
                      id="[object Object]"
                      role="tooltip"
                      title="List of jurisdictions this eCR was sent to. Can include multiple jurisdictions depending on provider location, patient address, and jurisdictions onboarded to eCR."
                    >
                      List of jurisdictions this eCR was sent to. Can include multiple jurisdictions depending on provider location, patient address, and jurisdictions onboarded to eCR.
                    </span>
                  </span>
                </th>
              </tr>
            </thead>
            <tbody>
              <tr>
                <td
                  rowspan="4"
                >
                  Disease caused by severe acute respiratory syndrome coronavirus 2(disorder)
                </td>
                <td
                  rowspan="2"
                >
                  Detection of SARS-CoV-2 nucleic acid in a clinical or post-mortem specimen by any method
                </td>
                <td>
                  California Department of Public Health
                </td>
              </tr>
              <tr>
                <td>
                  Los Angeles County Department of Public Health
                </td>
              </tr>
              <tr>
                <td
                  rowspan="1"
                >
                  Close contact in the 14 days prior to onset of symptoms with a confirmed or probable case of COVID-19 (Partially implemented as exposure with no timeframe parameters)
                </td>
                <td>
                  Los Angeles County Department of Public Health
                </td>
              </tr>
              <tr>
                <td
                  rowspan="1"
                >
                  COVID-19 (as a diagnosis or active problem)
                </td>
                <td>
                  Los Angeles County Department of Public Health
                </td>
              </tr>
            </tbody>
          </table>
          <div
            class="padding-bottom-1"
          />
          <h4
            class="usa-summary-box__heading padding-y-105"
            id="eicr-details"
          >
            eICR Details
          </h4>
          <div>
            <div
              class="grid-row"
            >
              <div
                class="data-title"
              >
                eICR Identifier
              </div>
              <div
                class="grid-col-auto maxw7 text-pre-line"
              >
                1dd10047-2207-4eac-a993-0f706c88be5d
              </div>
            </div>
            <div
              class="section__line_gray"
            />
          </div>
          <div
            class="padding-bottom-1"
          />
          <h4
            class="usa-summary-box__heading padding-y-105"
            id="ecr-sender-details"
          >
            eCR Sender Details
          </h4>
          <div>
            <div
              class="grid-row"
            >
              <div
                class="data-title"
              >
                Date/Time eCR Created
              </div>
              <div
                class="grid-col-auto maxw7 text-pre-line"
              >
                2022-05-14T12:56:38Z
              </div>
            </div>
            <div
              class="section__line_gray"
            />
          </div>
          <div>
            <div
              class="grid-row"
            >
              <div
                class="data-title"
              >
                Sender Software
              </div>
              <div
                class="grid-col-auto maxw7 text-pre-line"
              />
            </div>
            <div
              class="section__line_gray"
            />
          </div>
          <div>
            <div
              class="grid-row"
            >
              <div
                class="data-title"
              >
                Sender Facility Name
              </div>
              <div
                class="grid-col-auto maxw7 text-pre-line"
              >
                PRM- Palmdale Regional Medical Center
              </div>
            </div>
            <div
              class="section__line_gray"
            />
          </div>
          <div>
            <div
              class="grid-row"
            >
              <div
                class="data-title"
              >
                Facility Address
              </div>
              <div
                class="grid-col-auto maxw7 text-pre-line"
              >
                38600 Medical Center Drive
Palmdale, CA
93551, USA
              </div>
            </div>
            <div
              class="section__line_gray"
            />
          </div>
          <div>
            <div
              class="grid-row"
            >
              <div
                class="data-title"
              >
                Facility Contact
              </div>
              <div
                class="grid-col-auto maxw7 text-pre-line"
              >
                (661)382-5000
              </div>
            </div>
            <div
              class="section__line_gray"
            />
          </div>
          <div>
            <div
              class="grid-row"
            >
              <div
                class="data-title"
              >
                Facility ID
              </div>
              <div
                class="grid-col-auto maxw7 text-pre-line"
              >
                2.16.840.1.113883.4.6
              </div>
            </div>
            <div
              class="section__line_gray"
            />
          </div>
        </div>
      </div>
    </div>
  </div>
</div>
`;
