// Jest Snapshot v1, https://goo.gl/fbAQLP

exports[`Home Page, ListECRViewer should match snapshot 1`] = `
<div>
  <div
    class="main-container height-full flex-column flex-align-center"
  >
    <div
      class="ecr-library-wrapper width-full overflow-auto"
    >
      <table
        class="usa-table usa-table--borderless width-full src-components-Table-Table-module__fixed--Eq00W usa-table--striped table-ecr-library margin-0"
        data-testid="table"
      >
        <thead
          class="position-sticky top-0"
        >
          <tr>
            <th
              class="minw-20"
              scope="col"
            >
              Patient
            </th>
            <th
              class="minw-1605"
              scope="col"
            >
              Received Date
            </th>
            <th
              class="minw-1705"
              scope="col"
            >
              Encounter Date
            </th>
            <th
              class="minw-2305"
              scope="col"
            >
              Reportable Condition
            </th>
            <th
              class="minw-23"
              scope="col"
            >
              RCKMS Rule Summary
            </th>
          </tr>
        </thead>
        <tbody>
          <tr>
            <td>
              <a
                href="/view-data?id=12345"
              >
                John
                 
                Doe
              </a>
              <br />
              DOB: 01/01/1970
            </td>
            <td>
              04/16/2024 9:40 PM UTC
            </td>
            <td>
              04/16/2024 9:40 PM UTC
            </td>
            <td>
              COVID-19
            </td>
            <td>
              Positive
            </td>
          </tr>
          <tr>
            <td>
              <a
                href="/view-data?id=23456"
              >
                Jane
                 
                Doe
              </a>
              <br />
              DOB: 02/01/1955
            </td>
            <td>
              04/16/2024 9:41 PM UTC
            </td>
            <td>
              04/16/2024 9:40 PM UTC
            </td>
            <td>
              COVID-19
            </td>
            <td>
              Positive
            </td>
          </tr>
          <tr>
            <td>
              <a
                href="/view-data?id=34567"
              >
                Dan
                 
                Doe
              </a>
              <br />
              DOB: 12/01/1984
            </td>
            <td>
              04/16/2024 9:42 PM UTC
            </td>
            <td>
              04/16/2024 9:40 PM UTC
            </td>
            <td>
              COVID-19
            </td>
            <td>
              Positive
            </td>
          </tr>
        </tbody>
      </table>
    </div>
    <div
      class="pagination-bar width-full padding-x-3 padding-y-105 flex-align-self-stretch"
    >
      <nav
        aria-label="Pagination"
        class="usa-pagination"
      >
        <ul
          class="usa-pagination__list"
        >
          <li
            class="usa-pagination__item usa-pagination__page-no"
          >
            <button
              aria-current="page"
              aria-label="Page 1"
              class="usa-button usa-button--unstyled usa-pagination__button usa-current"
              data-testid="pagination-page-number"
              type="button"
            >
              1
            </button>
          </li>
        </ul>
      </nav>
    </div>
  </div>
</div>
`;
