// Jest Snapshot v1, https://goo.gl/fbAQLP

exports[`Snapshot test for EcrLoadingSkeleton should match snapshot 1`] = `
<div>
  <main
    class="width-full minw-main"
  >
    <header
      class="usa-header usa-header--basic"
    >
      <div
        class="usa-nav-container"
      >
        <div
          class="usa-navbar"
        >
          <div
            class="usa-logo"
          >
            <h1>
              <a
                href="/"
                title="<Project title>"
              >
                DIBBs eCR Viewer
              </a>
            </h1>
          </div>
        </div>
      </div>
    </header>
    <div
      class="patient-banner"
    >
      <span
        class="patient-banner-name"
      />
      <span
        class=".patient-banner-dob"
      />
    </div>
    <div
      class="main-container"
    >
      <div
        class="width-main padding-main"
      >
        <div
          class="content-wrapper"
        >
          <div>
            <div
              class="nav-wrapper"
            >
              <div
                class="display-flex back-button-wrapper"
              >
                <a
                  class="back-button display-flex"
                  href="/"
                >
                  <svg
                    aria-label="Back Arrow"
                    class="usa-icon usa-icon--size-3"
                    focusable="false"
                    height="1em"
                    role="img"
                    viewBox="0 0 24 24"
                    width="1em"
                    xmlns="http://www.w3.org/2000/svg"
                  >
                    <path
                      d="M20 11H7.83l5.59-5.59L12 4l-8 8 8 8 1.41-1.41L7.83 13H20v-2z"
                    />
                  </svg>
                  Back to eCR Library
                </a>
              </div>
              <nav
                class="sticky-nav top-550"
              >
                <ul
                  class="usa-sidenav"
                  data-testid="sidenav"
                >
                  <li
                    class="usa-sidenav__item"
                  >
                    <a>
                      eCR Summary
                    </a>
                  </li>
                  <li
                    class="usa-sidenav__item"
                  >
                    <a>
                      eCR Document
                    </a>
                  </li>
                  <li
                    class="usa-sidenav__item"
                  >
                    <ul
                      class="usa-sidenav__sublist"
                      data-testid="sidenav"
                    >
                      <li
                        class="usa-sidenav__item"
                      >
                        <a>
                          Patient Info
                        </a>
                      </li>
                      <li
                        class="usa-sidenav__item"
                      >
                        <ul
                          class="usa-sidenav__sublist"
                          data-testid="sidenav"
                        >
                          <li
                            class="usa-sidenav__item"
                          >
                            <a>
                              <div>
                                <div
                                  class="grid-row"
                                >
                                  <div
                                    class="loading-blob grid-col-8 loading-blob-gray-big width-full"
                                  >
                                     
                                  </div>
                                </div>
                              </div>
                            </a>
                          </li>
                        </ul>
                      </li>
                      <li
                        class="usa-sidenav__item"
                      >
                        <a>
                          Clinical Info
                        </a>
                      </li>
                      <li
                        class="usa-sidenav__item"
                      >
                        <ul
                          class="usa-sidenav__sublist"
                          data-testid="sidenav"
                        >
                          <li
                            class="usa-sidenav__item"
                          >
                            <a>
                              <div>
                                <div
                                  class="grid-row"
                                >
                                  <div
                                    class="loading-blob grid-col-8 loading-blob-gray-big width-full"
                                  >
                                     
                                  </div>
                                </div>
                              </div>
                            </a>
                          </li>
                        </ul>
                      </li>
                      <li
                        class="usa-sidenav__item"
                      >
                        <a>
                          Lab Info
                        </a>
                      </li>
                      <li
                        class="usa-sidenav__item"
                      >
                        <ul
                          class="usa-sidenav__sublist"
                          data-testid="sidenav"
                        >
                          <li
                            class="usa-sidenav__item"
                          >
                            <a>
                              <div>
                                <div
                                  class="grid-row"
                                >
                                  <div
                                    class="loading-blob grid-col-8 loading-blob-gray-big width-full"
                                  >
                                     
                                  </div>
                                </div>
                              </div>
                            </a>
                          </li>
                        </ul>
                      </li>
                      <li
                        class="usa-sidenav__item"
                      >
                        <a>
                          eCR Metadata
                        </a>
                      </li>
                      <li
                        class="usa-sidenav__item"
                      >
                        <ul
                          class="usa-sidenav__sublist"
                          data-testid="sidenav"
                        >
                          <li
                            class="usa-sidenav__item"
                          >
                            <a>
                              <div>
                                <div
                                  class="grid-row"
                                >
                                  <div
                                    class="loading-blob grid-col-8 loading-blob-gray-big width-full"
                                  >
                                     
                                  </div>
                                </div>
                              </div>
                            </a>
                          </li>
                        </ul>
                      </li>
                      <li
                        class="usa-sidenav__item"
                      >
                        <a>
                          Unavailable Info
                        </a>
                      </li>
                      <li
                        class="usa-sidenav__item"
                      >
                        <ul
                          class="usa-sidenav__sublist"
                          data-testid="sidenav"
                        >
                          <li
                            class="usa-sidenav__item"
                          >
                            <a>
                              <div>
                                <div
                                  class="grid-row"
                                >
                                  <div
                                    class="loading-blob grid-col-8 loading-blob-gray-big width-full"
                                  >
                                     
                                  </div>
                                </div>
                              </div>
                            </a>
                          </li>
                        </ul>
                      </li>
                    </ul>
                  </li>
                </ul>
              </nav>
            </div>
          </div>
          <div
            class="ecr-viewer-container"
          >
            <div
              class="margin-bottom-3"
            >
              <h2
                class="margin-bottom-05 margin-top-3"
                id="ecr-summary"
              >
                eCR Summary
              </h2>
              <div
                class="text-base-darker line-height-sans-5"
              >
                Provides key info upfront to help you understand the eCR at a glance
              </div>
            </div>
            <div
              class="info-container"
            >
              <div
                aria-labelledby="summary-box-key-information"
                class="usa-summary-box padding-x-3 padding-y-0"
              >
                <h3
                  class="summary-box-key-information side-nav-ignore font-sans-lg"
                >
                  Patient Summary
                </h3>
                <div>
                  <div>
                    <div
                      class="grid-row"
                    >
                      <div
                        class="grid-col-4"
                      >
                        <div
                          class="loading-blob-blue-small loading-blob margin-right-1 loading-blob"
                        >
                           
                        </div>
                      </div>
                      <div
                        class="loading-blob grid-col-8 loading-blob-blue-big"
                      >
                         
                      </div>
                    </div>
                    <div
                      class="section__line"
                    />
                  </div>
                  <div>
                    <div
                      class="grid-row"
                    >
                      <div
                        class="grid-col-4"
                      >
                        <div
                          class="loading-blob-blue-small loading-blob margin-right-1 loading-blob"
                        >
                           
                        </div>
                      </div>
                      <div
                        class="loading-blob grid-col-8 loading-blob-blue-big"
                      >
                         
                      </div>
                    </div>
                    <div
                      class="section__line"
                    />
                  </div>
                  <div>
                    <div
                      class="grid-row"
                    >
                      <div
                        class="grid-col-4"
                      >
                        <div
                          class="loading-blob-blue-small loading-blob margin-right-1 loading-blob"
                        >
                           
                        </div>
                      </div>
                      <div
                        class="loading-blob grid-col-8 loading-blob-blue-big"
                      >
                         
                      </div>
                    </div>
                    <div
                      class="section__line"
                    />
                  </div>
                  <div>
                    <div
                      class="grid-row"
                    >
                      <div
                        class="grid-col-4"
                      >
                        <div
                          class="loading-blob-blue-small loading-blob margin-right-1 loading-blob"
                        >
                           
                        </div>
                      </div>
                      <div
                        class="loading-blob grid-col-8 loading-blob-blue-big"
                      >
                         
                      </div>
                    </div>
                    <div
                      class="section__line"
                    />
                  </div>
                </div>
                <h3
                  class="summary-box-key-information side-nav-ignore font-sans-lg"
                >
                  Encounter Summary
                </h3>
                <div>
                  <div>
                    <div
                      class="grid-row"
                    >
                      <div
                        class="grid-col-4"
                      >
                        <div
                          class="loading-blob-blue-small loading-blob margin-right-1 loading-blob"
                        >
                           
                        </div>
                      </div>
                      <div
                        class="loading-blob grid-col-8 loading-blob-blue-big"
                      >
                         
                      </div>
                    </div>
                    <div
                      class="section__line"
                    />
                  </div>
                  <div>
                    <div
                      class="grid-row"
                    >
                      <div
                        class="grid-col-4"
                      >
                        <div
                          class="loading-blob-blue-small loading-blob margin-right-1 loading-blob"
                        >
                           
                        </div>
                      </div>
                      <div
                        class="loading-blob grid-col-8 loading-blob-blue-big"
                      >
                         
                      </div>
                    </div>
                    <div
                      class="section__line"
                    />
                  </div>
                  <div>
                    <div
                      class="grid-row"
                    >
                      <div
                        class="grid-col-4"
                      >
                        <div
                          class="loading-blob-blue-small loading-blob margin-right-1 loading-blob"
                        >
                           
                        </div>
                      </div>
                      <div
                        class="loading-blob grid-col-8 loading-blob-blue-big"
                      >
                         
                      </div>
                    </div>
                    <div
                      class="section__line"
                    />
                  </div>
                  <div>
                    <div
                      class="grid-row"
                    >
                      <div
                        class="grid-col-4"
                      >
                        <div
                          class="loading-blob-blue-small loading-blob margin-right-1 loading-blob"
                        >
                           
                        </div>
                      </div>
                      <div
                        class="loading-blob grid-col-8 loading-blob-blue-big"
                      >
                         
                      </div>
                    </div>
                    <div
                      class="section__line"
                    />
                  </div>
                </div>
                <h3
                  class="summary-box-key-information side-nav-ignore font-sans-lg"
                >
                  Condition Summary
                </h3>
                <div>
                  <div>
                    <div
                      class="grid-row"
                    >
                      <div
                        class="grid-col-4"
                      >
                        <div
                          class="loading-blob-blue-small loading-blob margin-right-1 loading-blob"
                        >
                           
                        </div>
                      </div>
                      <div
                        class="loading-blob grid-col-8 loading-blob-blue-big"
                      >
                         
                      </div>
                    </div>
                    <div
                      class="section__line"
                    />
                  </div>
                  <div>
                    <div
                      class="grid-row"
                    >
                      <div
                        class="grid-col-4"
                      >
                        <div
                          class="loading-blob-blue-small loading-blob margin-right-1 loading-blob"
                        >
                           
                        </div>
                      </div>
                      <div
                        class="loading-blob grid-col-8 loading-blob-blue-big"
                      >
                         
                      </div>
                    </div>
                    <div
                      class="section__line"
                    />
                  </div>
                  <div>
                    <div
                      class="grid-row"
                    >
                      <div
                        class="grid-col-4"
                      >
                        <div
                          class="loading-blob-blue-small loading-blob margin-right-1 loading-blob"
                        >
                           
                        </div>
                      </div>
                      <div
                        class="loading-blob grid-col-8 loading-blob-blue-big"
                      >
                         
                      </div>
                    </div>
                    <div
                      class="section__line"
                    />
                  </div>
                  <div>
                    <div
                      class="grid-row"
                    >
                      <div
                        class="grid-col-4"
                      >
                        <div
                          class="loading-blob-blue-small loading-blob margin-right-1 loading-blob"
                        >
                           
                        </div>
                      </div>
                      <div
                        class="loading-blob grid-col-8 loading-blob-blue-big"
                      >
                         
                      </div>
                    </div>
                    <div
                      class="section__line"
                    />
                  </div>
                </div>
              </div>
            </div>
            <div
              class="margin-top-10"
            >
              <div
                class="grid-container padding-0 margin-bottom-3 maxw-none"
                data-testid="gridContainer"
              >
                <div
                  class="grid-row margin-bottom-05"
                  data-testid="grid"
                >
                  <div
                    class=""
                    data-testid="grid"
                  >
                    <h2
                      class="margin-bottom-0"
                      id="ecr-document"
                    >
                      eCR Document
                    </h2>
                  </div>
                  <div
                    class="flex-align-self-center margin-left-auto"
                    data-testid="grid"
                  >
                    <button
                      class="usa-button usa-button--unstyled"
                      data-testid="button"
                      id="main-expand-button"
                      type="button"
                    >
                      Expand all sections
                    </button>
                    <span
                      class="vertical-line"
                    />
                    <button
                      class="usa-button usa-button--unstyled"
                      data-testid="button"
                      id="main-collapse-button"
                      type="button"
                    >
                      Collapse all sections
                    </button>
                  </div>
                </div>
                <div
                  class="text-base-darker line-height-sans-5"
                >
                  Displays entire eICR and RR documents to help you dig further into eCR data
                </div>
              </div>
              <div
                class="usa-accordion info-container"
                data-allow-multiple="true"
                data-testid="accordion"
              >
                <h3
                  class="usa-accordion__heading"
                >
                  <button
                    aria-expanded="true"
                    class="usa-accordion__button"
                    data-testid="accordionButton_undefined"
                    type="button"
                  >
                    Patient Info
                  </button>
                </h3>
                <div
                  class="usa-accordion__content usa-prose"
                  data-testid="accordionItem_undefined"
                >
                  <div
                    class="margin-top-0"
                  >
                    <div
                      class="padding-bottom-3"
                    >
                      <div
                        class="usa-summary-box__body"
                      >
                        <h4
                          class="usa-summary-box__heading padding-y-105"
                          id="summary-box-key-information"
                        >
                          <span
                            id="Demographics"
                          >
                            Demographics
                          </span>
                        </h4>
                        <div
                          class="usa-summary-box__text"
                        >
                          <div>
                            <div>
                              <div
                                class="grid-row"
                              >
                                <div
                                  class="grid-col-4"
                                >
                                  <div
                                    class="loading-blob-gray-small loading-blob margin-right-1 loading-blob"
                                  >
                                     
                                  </div>
                                </div>
                                <div
                                  class="loading-blob grid-col-8 loading-blob-gray-big"
                                >
                                   
                                </div>
                              </div>
                              <div
                                class="section__line_gray"
                              />
                            </div>
                            <div>
                              <div
                                class="grid-row"
                              >
                                <div
                                  class="grid-col-4"
                                >
                                  <div
                                    class="loading-blob-gray-small loading-blob margin-right-1 loading-blob"
                                  >
                                     
                                  </div>
                                </div>
                                <div
                                  class="loading-blob grid-col-8 loading-blob-gray-big"
                                >
                                   
                                </div>
                              </div>
                              <div
                                class="section__line_gray"
                              />
                            </div>
                            <div>
                              <div
                                class="grid-row"
                              >
                                <div
                                  class="grid-col-4"
                                >
                                  <div
                                    class="loading-blob-gray-small loading-blob margin-right-1 loading-blob"
                                  >
                                     
                                  </div>
                                </div>
                                <div
                                  class="loading-blob grid-col-8 loading-blob-gray-big"
                                >
                                   
                                </div>
                              </div>
                              <div
                                class="section__line_gray"
                              />
                            </div>
                            <div>
                              <div
                                class="grid-row"
                              >
                                <div
                                  class="grid-col-4"
                                >
                                  <div
                                    class="loading-blob-gray-small loading-blob margin-right-1 loading-blob"
                                  >
                                     
                                  </div>
                                </div>
                                <div
                                  class="loading-blob grid-col-8 loading-blob-gray-big"
                                >
                                   
                                </div>
                              </div>
                              <div
                                class="section__line_gray"
                              />
                            </div>
                            <div>
                              <div
                                class="grid-row"
                              >
                                <div
                                  class="grid-col-4"
                                >
                                  <div
                                    class="loading-blob-gray-small loading-blob margin-right-1 loading-blob"
                                  >
                                     
                                  </div>
                                </div>
                                <div
                                  class="loading-blob grid-col-8 loading-blob-gray-big"
                                >
                                   
                                </div>
                              </div>
                              <div
                                class="section__line_gray"
                              />
                            </div>
                            <div>
                              <div
                                class="grid-row"
                              >
                                <div
                                  class="grid-col-4"
                                >
                                  <div
                                    class="loading-blob-gray-small loading-blob margin-right-1 loading-blob"
                                  >
                                     
                                  </div>
                                </div>
                                <div
                                  class="loading-blob grid-col-8 loading-blob-gray-big"
                                >
                                   
                                </div>
                              </div>
                              <div
                                class="section__line_gray"
                              />
                            </div>
                            <div>
                              <div
                                class="grid-row"
                              >
                                <div
                                  class="grid-col-4"
                                >
                                  <div
                                    class="loading-blob-gray-small loading-blob margin-right-1 loading-blob"
                                  >
                                     
                                  </div>
                                </div>
                                <div
                                  class="loading-blob grid-col-8 loading-blob-gray-big"
                                >
                                   
                                </div>
                              </div>
                              <div
                                class="section__line_gray"
                              />
                            </div>
                            <div>
                              <div
                                class="grid-row"
                              >
                                <div
                                  class="grid-col-4"
                                >
                                  <div
                                    class="loading-blob-gray-small loading-blob margin-right-1 loading-blob"
                                  >
                                     
                                  </div>
                                </div>
                                <div
                                  class="loading-blob grid-col-8 loading-blob-gray-big"
                                >
                                   
                                </div>
                              </div>
                              <div
                                class="section__line_gray"
                              />
                            </div>
                            <div>
                              <div
                                class="grid-row"
                              >
                                <div
                                  class="grid-col-4"
                                >
                                  <div
                                    class="loading-blob-gray-small loading-blob margin-right-1 loading-blob"
                                  >
                                     
                                  </div>
                                </div>
                                <div
                                  class="loading-blob grid-col-8 loading-blob-gray-big"
                                >
                                   
                                </div>
                              </div>
                              <div
                                class="section__line_gray"
                              />
                            </div>
                            <div>
                              <div
                                class="grid-row"
                              >
                                <div
                                  class="grid-col-4"
                                >
                                  <div
                                    class="loading-blob-gray-small loading-blob margin-right-1 loading-blob"
                                  >
                                     
                                  </div>
                                </div>
                                <div
                                  class="loading-blob grid-col-8 loading-blob-gray-big"
                                >
                                   
                                </div>
                              </div>
                              <div
                                class="section__line_gray"
                              />
                            </div>
                          </div>
                        </div>
                      </div>
                    </div>
                  </div>
                  <div
                    class="margin-top-0"
                  >
                    <div
                      class="padding-bottom-3"
                    >
                      <div
                        class="usa-summary-box__body"
                      >
                        <h4
                          class="usa-summary-box__heading padding-y-105"
                          id="summary-box-key-information"
                        >
                          <span
                            id="Social History"
                          >
                            Social History
                          </span>
                        </h4>
                        <div
                          class="usa-summary-box__text"
                        >
                          <div>
                            <div>
                              <div
                                class="grid-row"
                              >
                                <div
                                  class="grid-col-4"
                                >
                                  <div
                                    class="loading-blob-gray-small loading-blob margin-right-1 loading-blob"
                                  >
                                     
                                  </div>
                                </div>
                                <div
                                  class="loading-blob grid-col-8 loading-blob-gray-big"
                                >
                                   
                                </div>
                              </div>
                              <div
                                class="section__line_gray"
                              />
                            </div>
                            <div>
                              <div
                                class="grid-row"
                              >
                                <div
                                  class="grid-col-4"
                                >
                                  <div
                                    class="loading-blob-gray-small loading-blob margin-right-1 loading-blob"
                                  >
                                     
                                  </div>
                                </div>
                                <div
                                  class="loading-blob grid-col-8 loading-blob-gray-big"
                                >
                                   
                                </div>
                              </div>
                              <div
                                class="section__line_gray"
                              />
                            </div>
                            <div>
                              <div
                                class="grid-row"
                              >
                                <div
                                  class="grid-col-4"
                                >
                                  <div
                                    class="loading-blob-gray-small loading-blob margin-right-1 loading-blob"
                                  >
                                     
                                  </div>
                                </div>
                                <div
                                  class="loading-blob grid-col-8 loading-blob-gray-big"
                                >
                                   
                                </div>
                              </div>
                              <div
                                class="section__line_gray"
                              />
                            </div>
                          </div>
                        </div>
                      </div>
                    </div>
                  </div>
                </div>
                <h3
                  class="usa-accordion__heading"
                >
                  <button
                    aria-expanded="true"
                    class="usa-accordion__button"
                    data-testid="accordionButton_undefined"
                    type="button"
                  >
                    Encounter Info
                  </button>
                </h3>
                <div
                  class="usa-accordion__content usa-prose"
                  data-testid="accordionItem_undefined"
                >
                  <div
                    class="margin-top-0"
                  >
                    <div
                      class="padding-bottom-3"
                    >
                      <div
                        class="usa-summary-box__body"
                      >
                        <h4
                          class="usa-summary-box__heading padding-y-105"
                          id="summary-box-key-information"
                        >
                          <span
                            id="Encounter Details"
                          >
                            Encounter Details
                          </span>
                        </h4>
                        <div
                          class="usa-summary-box__text"
                        >
                          <div>
                            <div>
                              <div
                                class="grid-row"
                              >
                                <div
                                  class="grid-col-4"
                                >
                                  <div
                                    class="loading-blob-gray-small loading-blob margin-right-1 loading-blob"
                                  >
                                     
                                  </div>
                                </div>
                                <div
                                  class="loading-blob grid-col-8 loading-blob-gray-big"
                                >
                                   
                                </div>
                              </div>
                              <div
                                class="section__line_gray"
                              />
                            </div>
                            <div>
                              <div
                                class="grid-row"
                              >
                                <div
                                  class="grid-col-4"
                                >
                                  <div
                                    class="loading-blob-gray-small loading-blob margin-right-1 loading-blob"
                                  >
                                     
                                  </div>
                                </div>
                                <div
                                  class="loading-blob grid-col-8 loading-blob-gray-big"
                                >
                                   
                                </div>
                              </div>
                              <div
                                class="section__line_gray"
                              />
                            </div>
                            <div>
                              <div
                                class="grid-row"
                              >
                                <div
                                  class="grid-col-4"
                                >
                                  <div
                                    class="loading-blob-gray-small loading-blob margin-right-1 loading-blob"
                                  >
                                     
                                  </div>
                                </div>
                                <div
                                  class="loading-blob grid-col-8 loading-blob-gray-big"
                                >
                                   
                                </div>
                              </div>
                              <div
                                class="section__line_gray"
                              />
                            </div>
                            <div>
                              <div
                                class="grid-row"
                              >
                                <div
                                  class="grid-col-4"
                                >
                                  <div
                                    class="loading-blob-gray-small loading-blob margin-right-1 loading-blob"
                                  >
                                     
                                  </div>
                                </div>
                                <div
                                  class="loading-blob grid-col-8 loading-blob-gray-big"
                                >
                                   
                                </div>
                              </div>
                              <div
                                class="section__line_gray"
                              />
                            </div>
                            <div>
                              <div
                                class="grid-row"
                              >
                                <div
                                  class="grid-col-4"
                                >
                                  <div
                                    class="loading-blob-gray-small loading-blob margin-right-1 loading-blob"
                                  >
                                     
                                  </div>
                                </div>
                                <div
                                  class="loading-blob grid-col-8 loading-blob-gray-big"
                                >
                                   
                                </div>
                              </div>
                              <div
                                class="section__line_gray"
                              />
                            </div>
                            <div>
                              <div
                                class="grid-row"
                              >
                                <div
                                  class="grid-col-4"
                                >
                                  <div
                                    class="loading-blob-gray-small loading-blob margin-right-1 loading-blob"
                                  >
                                     
                                  </div>
                                </div>
                                <div
                                  class="loading-blob grid-col-8 loading-blob-gray-big"
                                >
                                   
                                </div>
                              </div>
                              <div
                                class="section__line_gray"
                              />
                            </div>
                            <div>
                              <div
                                class="grid-row"
                              >
                                <div
                                  class="grid-col-4"
                                >
                                  <div
                                    class="loading-blob-gray-small loading-blob margin-right-1 loading-blob"
                                  >
                                     
                                  </div>
                                </div>
                                <div
                                  class="loading-blob grid-col-8 loading-blob-gray-big"
                                >
                                   
                                </div>
                              </div>
                              <div
                                class="section__line_gray"
                              />
                            </div>
                          </div>
                        </div>
                      </div>
                    </div>
                  </div>
                  <div
                    class="margin-top-0"
                  >
                    <div
                      class="padding-bottom-3"
                    >
                      <div
                        class="usa-summary-box__body"
                      >
                        <h4
                          class="usa-summary-box__heading padding-y-105"
                          id="summary-box-key-information"
                        >
                          <span
                            id="Provider Details"
                          >
                            Provider Details
                          </span>
                        </h4>
                        <div
                          class="usa-summary-box__text"
                        >
                          <div>
                            <div>
                              <div
                                class="grid-row"
                              >
                                <div
                                  class="grid-col-4"
                                >
                                  <div
                                    class="loading-blob-gray-small loading-blob margin-right-1 loading-blob"
                                  >
                                     
                                  </div>
                                </div>
                                <div
                                  class="loading-blob grid-col-8 loading-blob-gray-big"
                                >
                                   
                                </div>
                              </div>
                              <div
                                class="section__line_gray"
                              />
                            </div>
                            <div>
                              <div
                                class="grid-row"
                              >
                                <div
                                  class="grid-col-4"
                                >
                                  <div
                                    class="loading-blob-gray-small loading-blob margin-right-1 loading-blob"
                                  >
                                     
                                  </div>
                                </div>
                                <div
                                  class="loading-blob grid-col-8 loading-blob-gray-big"
                                >
                                   
                                </div>
                              </div>
                              <div
                                class="section__line_gray"
                              />
                            </div>
                          </div>
                        </div>
                      </div>
                    </div>
                  </div>
                </div>
                <h3
                  class="usa-accordion__heading"
                >
                  <button
                    aria-expanded="true"
                    class="usa-accordion__button"
                    data-testid="accordionButton_undefined"
                    type="button"
                  >
                    Clinical Info
                  </button>
                </h3>
                <div
                  class="usa-accordion__content usa-prose"
                  data-testid="accordionItem_undefined"
                >
                  <div
                    class="margin-top-0"
                  >
                    <div
                      class="padding-bottom-3"
                    >
                      <div
                        class="usa-summary-box__body"
                      >
                        <h4
                          class="usa-summary-box__heading padding-y-105"
                          id="summary-box-key-information"
                        >
                          <span
                            id="Symptoms and Problems"
                          >
                            Symptoms and Problems
                          </span>
                        </h4>
                        <div
                          class="usa-summary-box__text"
                        >
                          <div>
                            <div>
                              <div
                                class="grid-row"
                              >
                                <div
                                  class="grid-col-4"
                                >
                                  <div
                                    class="loading-blob-gray-small loading-blob margin-right-1 loading-blob"
                                  >
                                     
                                  </div>
                                </div>
                                <div
                                  class="loading-blob grid-col-8 loading-blob-gray-big"
                                >
                                   
                                </div>
                              </div>
                              <div
                                class="section__line_gray"
                              />
                            </div>
                            <div>
                              <div
                                class="grid-row"
                              >
                                <div
                                  class="grid-col-4"
                                >
                                  <div
                                    class="loading-blob-gray-small loading-blob margin-right-1 loading-blob"
                                  >
                                     
                                  </div>
                                </div>
                                <div
                                  class="loading-blob grid-col-8 loading-blob-gray-big"
                                >
                                   
                                </div>
                              </div>
                              <div
                                class="section__line_gray"
                              />
                            </div>
                            <div>
                              <div
                                class="grid-row"
                              >
                                <div
                                  class="grid-col-4"
                                >
                                  <div
                                    class="loading-blob-gray-small loading-blob margin-right-1 loading-blob"
                                  >
                                     
                                  </div>
                                </div>
                                <div
                                  class="loading-blob grid-col-8 loading-blob-gray-big"
                                >
                                   
                                </div>
                              </div>
                              <div
                                class="section__line_gray"
                              />
                            </div>
                          </div>
                        </div>
                      </div>
                    </div>
                  </div>
                  <div
                    class="margin-top-0"
                  >
                    <div
                      class="padding-bottom-3"
                    >
                      <div
                        class="usa-summary-box__body"
                      >
                        <h4
                          class="usa-summary-box__heading padding-y-105"
                          id="summary-box-key-information"
                        >
                          <span
                            id="Treatment Details"
                          >
                            Treatment Details
                          </span>
                        </h4>
                        <div
                          class="usa-summary-box__text"
                        >
                          <div>
                            <div>
                              <div
                                class="grid-row"
                              >
                                <div
                                  class="grid-col-4"
                                >
                                  <div
                                    class="loading-blob-gray-small loading-blob margin-right-1 loading-blob"
                                  >
                                     
                                  </div>
                                </div>
                                <div
                                  class="loading-blob grid-col-8 loading-blob-gray-big"
                                >
                                   
                                </div>
                              </div>
                              <div
                                class="section__line_gray"
                              />
                            </div>
                            <div>
                              <div
                                class="grid-row"
                              >
                                <div
                                  class="grid-col-4"
                                >
                                  <div
                                    class="loading-blob-gray-small loading-blob margin-right-1 loading-blob"
                                  >
                                     
                                  </div>
                                </div>
                                <div
                                  class="loading-blob grid-col-8 loading-blob-gray-big"
                                >
                                   
                                </div>
                              </div>
                              <div
                                class="section__line_gray"
                              />
                            </div>
                            <div>
                              <div
                                class="grid-row"
                              >
                                <div
                                  class="grid-col-4"
                                >
                                  <div
                                    class="loading-blob-gray-small loading-blob margin-right-1 loading-blob"
                                  >
                                     
                                  </div>
                                </div>
                                <div
                                  class="loading-blob grid-col-8 loading-blob-gray-big"
                                >
                                   
                                </div>
                              </div>
                              <div
                                class="section__line_gray"
                              />
                            </div>
                            <div>
                              <div
                                class="grid-row"
                              >
                                <div
                                  class="grid-col-4"
                                >
                                  <div
                                    class="loading-blob-gray-small loading-blob margin-right-1 loading-blob"
                                  >
                                     
                                  </div>
                                </div>
                                <div
                                  class="loading-blob grid-col-8 loading-blob-gray-big"
                                >
                                   
                                </div>
                              </div>
                              <div
                                class="section__line_gray"
                              />
                            </div>
                          </div>
                        </div>
                      </div>
                    </div>
                  </div>
                  <div
                    class="margin-top-0"
                  >
                    <div
                      class="padding-bottom-3"
                    >
                      <div
                        class="usa-summary-box__body"
                      >
                        <h4
                          class="usa-summary-box__heading padding-y-105"
                          id="summary-box-key-information"
                        >
                          <span
                            id="Immunizations"
                          >
                            Immunizations
                          </span>
                        </h4>
                        <div
                          class="usa-summary-box__text"
                        >
                          <div>
                            <div>
                              <div
                                class="grid-row"
                              >
                                <div
                                  class="grid-col-4"
                                >
                                  <div
                                    class="loading-blob-gray-small loading-blob margin-right-1 loading-blob"
                                  >
                                     
                                  </div>
                                </div>
                                <div
                                  class="loading-blob grid-col-8 loading-blob-gray-big"
                                >
                                   
                                </div>
                              </div>
                            </div>
                          </div>
                        </div>
                      </div>
                    </div>
                  </div>
                  <div
                    class="margin-top-0"
                  >
                    <div
                      class="padding-bottom-3"
                    >
                      <div
                        class="usa-summary-box__body"
                      >
                        <h4
                          class="usa-summary-box__heading padding-y-105"
                          id="summary-box-key-information"
                        >
                          <span
                            id="Diagnostic and Vital Signs"
                          >
                            Diagnostic and Vital Signs
                          </span>
                        </h4>
                        <div
                          class="usa-summary-box__text"
                        >
                          <div>
                            <div>
                              <div
                                class="grid-row"
                              >
                                <div
                                  class="grid-col-4"
                                >
                                  <div
                                    class="loading-blob-gray-small loading-blob margin-right-1 loading-blob"
                                  >
                                     
                                  </div>
                                </div>
                                <div
                                  class="loading-blob grid-col-8 loading-blob-gray-big"
                                >
                                   
                                </div>
                              </div>
                              <div
                                class="section__line_gray"
                              />
                            </div>
                            <div>
                              <div
                                class="grid-row"
                              >
                                <div
                                  class="grid-col-4"
                                >
                                  <div
                                    class="loading-blob-gray-small loading-blob margin-right-1 loading-blob"
                                  >
                                     
                                  </div>
                                </div>
                                <div
                                  class="loading-blob grid-col-8 loading-blob-gray-big"
                                >
                                   
                                </div>
                              </div>
                              <div
                                class="section__line_gray"
                              />
                            </div>
                          </div>
                        </div>
                      </div>
                    </div>
                  </div>
                </div>
                <h3
                  class="usa-accordion__heading"
                >
                  <button
                    aria-expanded="true"
                    class="usa-accordion__button"
                    data-testid="accordionButton_undefined"
                    type="button"
                  >
                    Lab Info
                  </button>
                </h3>
                <div
                  class="usa-accordion__content usa-prose"
                  data-testid="accordionItem_undefined"
                >
                  <div
                    class="margin-top-0"
                  >
                    <div
                      class="padding-bottom-3"
                    >
                      <div
                        class="usa-summary-box__body"
                      >
                        <h4
                          class="usa-summary-box__heading padding-y-105"
                          id="summary-box-key-information"
                        >
                          <span
                            id="Lab Results from"
                          >
                            Lab Results from
                          </span>
                        </h4>
                        <div
                          class="usa-summary-box__text"
                        >
                          <div>
                            <div>
                              <div
                                class="grid-row"
                              >
                                <div
                                  class="grid-col-4"
                                >
                                  <div
                                    class="loading-blob-gray-small loading-blob margin-right-1 loading-blob"
                                  >
                                     
                                  </div>
                                </div>
                                <div
                                  class="loading-blob grid-col-8 loading-blob-gray-big"
                                >
                                   
                                </div>
                              </div>
                              <div
                                class="section__line_gray"
                              />
                            </div>
                            <div>
                              <div
                                class="grid-row"
                              >
                                <div
                                  class="grid-col-4"
                                >
                                  <div
                                    class="loading-blob-gray-small loading-blob margin-right-1 loading-blob"
                                  >
                                     
                                  </div>
                                </div>
                                <div
                                  class="loading-blob grid-col-8 loading-blob-gray-big"
                                >
                                   
                                </div>
                              </div>
                              <div
                                class="section__line_gray"
                              />
                            </div>
                            <div>
                              <div
                                class="grid-row"
                              >
                                <div
                                  class="grid-col-4"
                                >
                                  <div
                                    class="loading-blob-gray-small loading-blob margin-right-1 loading-blob"
                                  >
                                     
                                  </div>
                                </div>
                                <div
                                  class="loading-blob grid-col-8 loading-blob-gray-big"
                                >
                                   
                                </div>
                              </div>
                              <div
                                class="section__line_gray"
                              />
                            </div>
                            <div>
                              <div
                                class="grid-row"
                              >
                                <div
                                  class="grid-col-4"
                                >
                                  <div
                                    class="loading-blob-gray-small loading-blob margin-right-1 loading-blob"
                                  >
                                     
                                  </div>
                                </div>
                                <div
                                  class="loading-blob grid-col-8 loading-blob-gray-big"
                                >
                                   
                                </div>
                              </div>
                              <div
                                class="section__line_gray"
                              />
                            </div>
                          </div>
                        </div>
                      </div>
                    </div>
                  </div>
                </div>
                <h3
                  class="usa-accordion__heading"
                >
                  <button
                    aria-expanded="true"
                    class="usa-accordion__button"
                    data-testid="accordionButton_undefined"
                    type="button"
                  >
                    eCR Metadata
                  </button>
                </h3>
                <div
                  class="usa-accordion__content usa-prose"
                  data-testid="accordionItem_undefined"
                >
                  <div
                    class="margin-top-0"
                  >
                    <div
                      class="padding-bottom-3"
                    >
                      <div
                        class="usa-summary-box__body"
                      >
                        <h4
                          class="usa-summary-box__heading padding-y-105"
                          id="summary-box-key-information"
                        >
                          <span
                            id="RR Details"
                          >
                            RR Details
                          </span>
                        </h4>
                        <div
                          class="usa-summary-box__text"
                        >
                          <div>
                            <div>
                              <div
                                class="grid-row"
                              >
                                <div
                                  class="grid-col-4"
                                >
                                  <div
                                    class="loading-blob-gray-small loading-blob margin-right-1 loading-blob"
                                  >
                                     
                                  </div>
                                </div>
                                <div
                                  class="loading-blob grid-col-8 loading-blob-gray-big"
                                >
                                   
                                </div>
                              </div>
                            </div>
                          </div>
                        </div>
                      </div>
                    </div>
                  </div>
                  <div
                    class="margin-top-0"
                  >
                    <div
                      class="padding-bottom-3"
                    >
                      <div
                        class="usa-summary-box__body"
                      >
                        <h4
                          class="usa-summary-box__heading padding-y-105"
                          id="summary-box-key-information"
                        >
                          <span
                            id="eICR Details"
                          >
                            eICR Details
                          </span>
                        </h4>
                        <div
                          class="usa-summary-box__text"
                        >
                          <div>
                            <div>
                              <div
                                class="grid-row"
                              >
                                <div
                                  class="grid-col-4"
                                >
                                  <div
                                    class="loading-blob-gray-small loading-blob margin-right-1 loading-blob"
                                  >
                                     
                                  </div>
                                </div>
                                <div
                                  class="loading-blob grid-col-8 loading-blob-gray-big"
                                >
                                   
                                </div>
                              </div>
                              <div
                                class="section__line_gray"
                              />
                            </div>
                            <div>
                              <div
                                class="grid-row"
                              >
                                <div
                                  class="grid-col-4"
                                >
                                  <div
                                    class="loading-blob-gray-small loading-blob margin-right-1 loading-blob"
                                  >
                                     
                                  </div>
                                </div>
                                <div
                                  class="loading-blob grid-col-8 loading-blob-gray-big"
                                >
                                   
                                </div>
                              </div>
                              <div
                                class="section__line_gray"
                              />
                            </div>
                            <div>
                              <div
                                class="grid-row"
                              >
                                <div
                                  class="grid-col-4"
                                >
                                  <div
                                    class="loading-blob-gray-small loading-blob margin-right-1 loading-blob"
                                  >
                                     
                                  </div>
                                </div>
                                <div
                                  class="loading-blob grid-col-8 loading-blob-gray-big"
                                >
                                   
                                </div>
                              </div>
                              <div
                                class="section__line_gray"
                              />
                            </div>
                            <div>
                              <div
                                class="grid-row"
                              >
                                <div
                                  class="grid-col-4"
                                >
                                  <div
                                    class="loading-blob-gray-small loading-blob margin-right-1 loading-blob"
                                  >
                                     
                                  </div>
                                </div>
                                <div
                                  class="loading-blob grid-col-8 loading-blob-gray-big"
                                >
                                   
                                </div>
                              </div>
                              <div
                                class="section__line_gray"
                              />
                            </div>
                            <div>
                              <div
                                class="grid-row"
                              >
                                <div
                                  class="grid-col-4"
                                >
                                  <div
                                    class="loading-blob-gray-small loading-blob margin-right-1 loading-blob"
                                  >
                                     
                                  </div>
                                </div>
                                <div
                                  class="loading-blob grid-col-8 loading-blob-gray-big"
                                >
                                   
                                </div>
                              </div>
                              <div
                                class="section__line_gray"
                              />
                            </div>
                          </div>
                        </div>
                      </div>
                    </div>
                  </div>
                  <div
                    class="margin-top-0"
                  >
                    <div
                      class="padding-bottom-3"
                    >
                      <div
                        class="usa-summary-box__body"
                      >
                        <h4
                          class="usa-summary-box__heading padding-y-105"
                          id="summary-box-key-information"
                        >
                          <span
                            id="eICR Custodian Details"
                          >
                            eICR Custodian Details
                          </span>
                        </h4>
                        <div
                          class="usa-summary-box__text"
                        >
                          <div>
                            <div>
                              <div
                                class="grid-row"
                              >
                                <div
                                  class="grid-col-4"
                                >
                                  <div
                                    class="loading-blob-gray-small loading-blob margin-right-1 loading-blob"
                                  >
                                     
                                  </div>
                                </div>
                                <div
                                  class="loading-blob grid-col-8 loading-blob-gray-big"
                                >
                                   
                                </div>
                              </div>
                              <div
                                class="section__line_gray"
                              />
                            </div>
                            <div>
                              <div
                                class="grid-row"
                              >
                                <div
                                  class="grid-col-4"
                                >
                                  <div
                                    class="loading-blob-gray-small loading-blob margin-right-1 loading-blob"
                                  >
                                     
                                  </div>
                                </div>
                                <div
                                  class="loading-blob grid-col-8 loading-blob-gray-big"
                                >
                                   
                                </div>
                              </div>
                              <div
                                class="section__line_gray"
                              />
                            </div>
                            <div>
                              <div
                                class="grid-row"
                              >
                                <div
                                  class="grid-col-4"
                                >
                                  <div
                                    class="loading-blob-gray-small loading-blob margin-right-1 loading-blob"
                                  >
                                     
                                  </div>
                                </div>
                                <div
                                  class="loading-blob grid-col-8 loading-blob-gray-big"
                                >
                                   
                                </div>
                              </div>
                              <div
                                class="section__line_gray"
                              />
                            </div>
                            <div>
                              <div
                                class="grid-row"
                              >
                                <div
                                  class="grid-col-4"
                                >
                                  <div
                                    class="loading-blob-gray-small loading-blob margin-right-1 loading-blob"
                                  >
                                     
                                  </div>
                                </div>
                                <div
                                  class="loading-blob grid-col-8 loading-blob-gray-big"
                                >
                                   
                                </div>
                              </div>
                              <div
                                class="section__line_gray"
                              />
                            </div>
                          </div>
                        </div>
                      </div>
                    </div>
                  </div>
                </div>
                <h3
                  class="usa-accordion__heading"
                >
                  <button
                    aria-expanded="true"
                    class="usa-accordion__button"
                    data-testid="accordionButton_undefined"
                    type="button"
                  >
                    Unavailable Info
                  </button>
                </h3>
                <div
                  class="usa-accordion__content usa-prose"
                  data-testid="accordionItem_undefined"
                />
              </div>
            </div>
          </div>
        </div>
      </div>
    </div>
    <a
      class="usa-button position-fixed right-3 bottom-0"
      href="https://touchpoints.app.cloud.gov/touchpoints/e93de6ae/submit"
      target="_blank"
      title="External link opens in new window"
    >
      How can we improve eCR Viewer?
    </a>
  </main>
</div>
`;
